{
    "uid": "urn:uuid:665739d0-8622-4ef2-928f-141fd2a09e3f",
    "version": "2.0",
    "spine": [
        "id0"
    ],
    "manifest": {
        "id0": [
            "id0",
            "data.html"
        ]
    },
    "toc": [
        "9780312591199 - Dummy ePub",
        [
            {
                "href": "data.html",
                "title": "Dummy chapter"
            }
        ]
    ],
    "meta": {
        "contributors": [],
        "creators": [
            "Glose"
        ],
        "dates": {
            "creation": null,
            "publication": null,
            "modification": null
        },
        "description": "Placeholder when we don't yet have the real content",
        "identifiers": [
            "9780312591199",
            "urn:uuid:665739d0-8622-4ef2-928f-141fd2a09e3f"
        ],
        "publisher": "Glose",
        "languages": [
            "en"
        ],
        "source": null,
        "subjects": [],
        "titles": [
            "9780312591199 - Dummy ePub"
        ]
    }
}