{
    "uid": "http://www.gutenberg.org/ebooks/25545",
    "version": "3.0",
    "spine": [
        "cover",
        "nav",
        "s04"
    ],
    "manifest": {
        "cover-img": [
            "cover-img",
            "images/cover.png",
            "image/png"
        ],
        "css01": [
            "css01",
            "css/epub.css",
            "text/css"
        ],
        "css02": [
            "css02",
            "css/nav.css",
            "text/css"
        ],
        "cover": [
            "cover",
            "cover.xhtml",
            "application/xhtml+xml"
        ],
        "s04": [
            "s04",
            "s04.xhtml",
            "application/xhtml+xml"
        ],
        "nav": [
            "nav",
            "nav.xhtml",
            "application/xhtml+xml"
        ],
        "ncx": [
            "ncx",
            "toc.ncx",
            "application/x-dtbncx+xml"
        ]
    },
    "toc": [
        null,
        []
    ],
    "meta": {
        "contributors": "[]",
        "creators": "[<AttributedString 'Charles Madison Curry' {'id': 'curry'}>, <AttributedString 'Erle Elsworth Clippinger' {'id': 'clippinger'}>]",
        "dates": "{'creation': None, 'publication': datetime.datetime(2008, 5, 20, 0, 0), 'modification': None}",
        "description": "None",
        "identifiers": "[<AttributedString 'http://www.gutenberg.org/ebooks/25545' {'id': 'id'}>]",
        "publisher": "None",
        "languages": "[<AttributedString 'en' {}>]",
        "source": "<AttributedString 'http://www.gutenberg.org/files/25545/25545-h/25545-h.htm' {}>",
        "subjects": "[<AttributedString 'Children -- Books and reading' {}>, <AttributedString \"Children's literature -- Study and teaching\" {}>]",
        "titles": "[<AttributedString \"Children's Literature\" {'id': 't1'}>, <AttributedString 'A Textbook of Sources for Teachers and Teacher-Training Classes' {'id': 't2'}>]"
    }
}