{
    "uid": "urn:uuid:a05b26af-a8a9-404c-bac7-3b2bd8247b29",
    "version": "2.0",
    "spine": [
        "html0",
        "html1",
        "html2",
        "html3",
        "html4",
        "html5",
        "html6",
        "html7"
    ],
    "manifest": {
        "cover": [
            "cover",
            "cover.jpg"
        ],
        "html0": [
            "html0",
            "1.html"
        ],
        "html1": [
            "html1",
            "2.html"
        ],
        "html2": [
            "html2",
            "3.html"
        ],
        "html3": [
            "html3",
            "4.html"
        ],
        "html4": [
            "html4",
            "5.html"
        ],
        "html5": [
            "html5",
            "6.html"
        ],
        "html6": [
            "html6",
            "7.html"
        ],
        "html7": [
            "html7",
            "exhibits.html"
        ],
        "id0": [
            "id0",
            "cover.jpg"
        ],
        "id1": [
            "id1",
            "images/image1.png"
        ],
        "id2": [
            "id2",
            "images/image2.png"
        ],
        "id3": [
            "id3",
            "images/image3.jpeg"
        ],
        "id4": [
            "id4",
            "images/image4.jpeg"
        ]
    },
    "toc": [
        "Codecademy: Monetizing a movement?",
        [
            {
                "href": "1.html",
                "title": "Codecademy: Monetizing a Movement?"
            },
            {
                "href": "2.html",
                "title": "The Big Idea: Teach the World to Code"
            },
            {
                "href": "3.html",
                "title": "Code Year: Scaling Content and Community"
            },
            {
                "href": "4.html",
                "title": "Demand for Tech Talent"
            },
            {
                "href": "5.html",
                "title": "Online Education: A Movement"
            },
            {
                "href": "6.html",
                "title": "Codecademy in 2014"
            },
            {
                "href": "7.html",
                "title": "Conclusion"
            },
            {
                "href": "exhibits.html",
                "title": "Exhibits"
            }
        ]
    ],
    "meta": {
        "contributors": [],
        "creators": [
            "Jeffrey Bussgang",
            "Lisa Mazzanti"
        ],
        "dates": {
            "creation": null,
            "publication": null,
            "modification": null
        },
        "description": "",
        "identifiers": [
            "urn:uuid:a05b26af-a8a9-404c-bac7-3b2bd8247b29"
        ],
        "publisher": "Glose",
        "languages": [
            "en"
        ],
        "source": null,
        "subjects": [],
        "titles": [
            "Codecademy: Monetizing a movement?"
        ]
    }
}