{
    "uid": "code.google.com.epub-samples.epub30-spec",
    "version": "3.0",
    "spine": [
        "ttl",
        "nav",
        "term",
        "ovw",
        "pub",
        "cd",
        "mo",
        "ocf",
        "ack",
        "ref",
        "cha"
    ],
    "manifest": {
        "ttl": [
            "ttl",
            "xhtml/epub30-titlepage.xhtml",
            "application/xhtml+xml"
        ],
        "nav": [
            "nav",
            "xhtml/epub30-nav.xhtml",
            "application/xhtml+xml"
        ],
        "term": [
            "term",
            "xhtml/epub30-terminology.xhtml",
            "application/xhtml+xml"
        ],
        "ovw": [
            "ovw",
            "xhtml/epub30-overview.xhtml",
            "application/xhtml+xml"
        ],
        "pub": [
            "pub",
            "xhtml/epub30-publications.xhtml",
            "application/xhtml+xml"
        ],
        "cd": [
            "cd",
            "xhtml/epub30-contentdocs.xhtml",
            "application/xhtml+xml"
        ],
        "mo": [
            "mo",
            "xhtml/epub30-mediaoverlays.xhtml",
            "application/xhtml+xml"
        ],
        "ocf": [
            "ocf",
            "xhtml/epub30-ocf.xhtml",
            "application/xhtml+xml"
        ],
        "ack": [
            "ack",
            "xhtml/epub30-acknowledgements.xhtml",
            "application/xhtml+xml"
        ],
        "ref": [
            "ref",
            "xhtml/epub30-references.xhtml",
            "application/xhtml+xml"
        ],
        "cha": [
            "cha",
            "xhtml/epub30-changes.xhtml",
            "application/xhtml+xml"
        ],
        "css": [
            "css",
            "css/epub-spec.css",
            "text/css"
        ],
        "logo": [
            "logo",
            "img/idpflogo_web_125.jpg",
            "image/jpeg"
        ],
        "ci": [
            "ci",
            "img/epub_logo_color.jpg",
            "image/jpeg"
        ]
    },
    "toc": [
        null,
        []
    ],
    "meta": {
        "contributors": "[]",
        "creators": "[<AttributedString 'EPUB 3 Working Group' {}>]",
        "dates": "{'creation': None, 'publication': None, 'modification': None}",
        "description": "None",
        "identifiers": "[<AttributedString 'code.google.com.epub-samples.epub30-spec' {'id': 'uid'}>]",
        "publisher": "None",
        "languages": "[<AttributedString 'en' {}>]",
        "source": "None",
        "subjects": "[]",
        "titles": "[<AttributedString 'EPUB 3.0 Specification' {}>]"
    }
}