{
    "uid": "code.google.com.epub-samples.figure-gallery",
    "version": "3.0",
    "spine": [
        "t1"
    ],
    "manifest": {
        "cover": [
            "cover",
            "images/cover.jpg",
            "image/jpeg"
        ],
        "nav": [
            "nav",
            "content/nav.xhtml",
            "application/xhtml+xml"
        ],
        "epub-css": [
            "epub-css",
            "css/epub.css",
            "text/css"
        ],
        "t1": [
            "t1",
            "content/text.xhtml",
            "application/xhtml+xml"
        ],
        "ncx": [
            "ncx",
            "nav.ncx",
            "application/x-dtbncx+xml"
        ],
        "moon-phases-xml": [
            "moon-phases-xml",
            "content/moon-phases.xml",
            "application/xml"
        ],
        "fig1": [
            "fig1",
            "images/moon-images/1.new-moon.jpg",
            "image/jpeg"
        ],
        "fig2": [
            "fig2",
            "images/moon-images/2.waxing-crescent.jpg",
            "image/jpeg"
        ],
        "fig3": [
            "fig3",
            "images/moon-images/3.first-quarter.jpg",
            "image/jpeg"
        ],
        "fig4": [
            "fig4",
            "images/moon-images/4.waxing-gibbous.jpg",
            "image/jpeg"
        ],
        "fig5": [
            "fig5",
            "images/moon-images/5.full-moon.jpg",
            "image/jpeg"
        ],
        "fig6": [
            "fig6",
            "images/moon-images/6.waning-gibbous.jpg",
            "image/jpeg"
        ],
        "fig7": [
            "fig7",
            "images/moon-images/7.third-quarter.jpg",
            "image/jpeg"
        ],
        "fig8": [
            "fig8",
            "images/moon-images/8.waning-crescent.jpg",
            "image/jpeg"
        ],
        "fig1thumb": [
            "fig1thumb",
            "images/moon-images/1.new-moon-thumb.jpg",
            "image/jpeg"
        ],
        "fig2thumb": [
            "fig2thumb",
            "images/moon-images/2.waxing-crescent-thumb.jpg",
            "image/jpeg"
        ],
        "fig3thumb": [
            "fig3thumb",
            "images/moon-images/3.first-quarter-thumb.jpg",
            "image/jpeg"
        ],
        "fig4thumb": [
            "fig4thumb",
            "images/moon-images/4.waxing-gibbous-thumb.jpg",
            "image/jpeg"
        ],
        "fig5thumb": [
            "fig5thumb",
            "images/moon-images/5.full-moon-thumb.jpg",
            "image/jpeg"
        ],
        "fig6thumb": [
            "fig6thumb",
            "images/moon-images/6.waning-gibbous-thumb.jpg",
            "image/jpeg"
        ],
        "fig7thumb": [
            "fig7thumb",
            "images/moon-images/7.third-quarter-thumb.jpg",
            "image/jpeg"
        ],
        "fig8thumb": [
            "fig8thumb",
            "images/moon-images/8.waning-crescent-thumb.jpg",
            "image/jpeg"
        ],
        "figure-gallery-impl": [
            "figure-gallery-impl",
            "content/figure-gallery/figure-gallery-impl.xhtml",
            "application/xhtml+xml"
        ],
        "figure-gallery-js": [
            "figure-gallery-js",
            "content/figure-gallery/figure-gallery.js",
            "application/javascript"
        ],
        "figure-gallery-css": [
            "figure-gallery-css",
            "content/figure-gallery/figure-gallery.css",
            "text/css"
        ],
        "figure-gallery-jquery": [
            "figure-gallery-jquery",
            "content/figure-gallery/jquery-1.7.1.min.js",
            "application/javascript"
        ],
        "figure-gallery-reset-css": [
            "figure-gallery-reset-css",
            "content/figure-gallery/reset.css",
            "text/css"
        ]
    },
    "toc": [
        null,
        []
    ],
    "meta": {
        "contributors": "[]",
        "creators": "[<AttributedString 'E.L. Starr' {}>]",
        "dates": "{'creation': None, 'publication': datetime.datetime(2012, 1, 17, 0, 0), 'modification': None}",
        "description": "None",
        "identifiers": "[<AttributedString 'code.google.com.epub-samples.figure-gallery' {'id': 'uid'}>]",
        "publisher": "None",
        "languages": "[<AttributedString 'en-US' {}>]",
        "source": "None",
        "subjects": "[]",
        "titles": "[<AttributedString 'EPUB Figure Gallery' {}>]"
    }
}