{
    "uid": "urn:uuid:ACA8C671-6C1F-1014-8433-7416564D7508",
    "version": "3.0",
    "spine": [
        "j01",
        "j02",
        "j03",
        "j04",
        "j05",
        "j06",
        "j07",
        "j08",
        "j09",
        "j10",
        "j11",
        "j12",
        "AboutThisDocument"
    ],
    "manifest": {
        "default-style": [
            "default-style",
            "css/default.css",
            "text/css"
        ],
        "j01": [
            "j01",
            "images/01.jpg",
            "image/jpeg"
        ],
        "j02": [
            "j02",
            "images/02.jpg",
            "image/jpeg"
        ],
        "j03": [
            "j03",
            "images/03.jpg",
            "image/jpeg"
        ],
        "j04": [
            "j04",
            "images/04.jpg",
            "image/jpeg"
        ],
        "j05": [
            "j05",
            "images/05.jpg",
            "image/jpeg"
        ],
        "j06": [
            "j06",
            "images/06.jpg",
            "image/jpeg"
        ],
        "j07": [
            "j07",
            "images/07.jpg",
            "image/jpeg"
        ],
        "j08": [
            "j08",
            "images/08.jpg",
            "image/jpeg"
        ],
        "j09": [
            "j09",
            "images/09.jpg",
            "image/jpeg"
        ],
        "j10": [
            "j10",
            "images/10.jpg",
            "image/jpeg"
        ],
        "j11": [
            "j11",
            "images/11.jpg",
            "image/jpeg"
        ],
        "j12": [
            "j12",
            "images/12.jpg",
            "image/jpeg"
        ],
        "AboutThisDocument": [
            "AboutThisDocument",
            "images/AboutThisDocument.png",
            "image/png"
        ],
        "fallback": [
            "fallback",
            "xhtml/fallback.xhtml",
            "application/xhtml+xml"
        ],
        "toc": [
            "toc",
            "xhtml/toc.xhtml",
            "application/xhtml+xml"
        ],
        "ncxtoc": [
            "ncxtoc",
            "xhtml/toc.ncx",
            "application/x-dtbncx+xml"
        ]
    },
    "toc": [
        null,
        []
    ],
    "meta": {
        "contributors": "[]",
        "creators": "[]",
        "dates": "{'creation': None, 'publication': None, 'modification': None}",
        "description": "None",
        "identifiers": "[<AttributedString 'urn:uuid:ACA8C671-6C1F-1014-8433-7416564D7508' {'id': 'ootuya-id'}>]",
        "publisher": "None",
        "languages": "[<AttributedString 'ja-jp' {}>]",
        "source": "None",
        "subjects": "[]",
        "titles": "[<AttributedString '\u30cf\u30eb\u30b3\u3055\u3093\u306e\u5f7c\u6c0f' {}>]"
    }
}