{
    "uid": "urn:uuid:A649F639-6C1F-1014-8CC3-F813564D7508",
    "version": "3.0",
    "spine": [
        "p01",
        "p02",
        "p03",
        "p04",
        "p05",
        "p06",
        "p07",
        "p08",
        "p09",
        "p10",
        "p11",
        "p12",
        "about"
    ],
    "manifest": {
        "default-style": [
            "default-style",
            "css/default.css",
            "text/css"
        ],
        "en-style": [
            "en-style",
            "css/en.css",
            "text/css"
        ],
        "ja-jp-style": [
            "ja-jp-style",
            "css/ja-jp.css",
            "text/css"
        ],
        "j01": [
            "j01",
            "images/01.jpg",
            "image/jpeg"
        ],
        "j02": [
            "j02",
            "images/02.jpg",
            "image/jpeg"
        ],
        "j03": [
            "j03",
            "images/03.jpg",
            "image/jpeg"
        ],
        "j04": [
            "j04",
            "images/04.jpg",
            "image/jpeg"
        ],
        "j05": [
            "j05",
            "images/05.jpg",
            "image/jpeg"
        ],
        "j06": [
            "j06",
            "images/06.jpg",
            "image/jpeg"
        ],
        "j07": [
            "j07",
            "images/07.jpg",
            "image/jpeg"
        ],
        "j08": [
            "j08",
            "images/08.jpg",
            "image/jpeg"
        ],
        "j09": [
            "j09",
            "images/09.jpg",
            "image/jpeg"
        ],
        "j10": [
            "j10",
            "images/10.jpg",
            "image/jpeg"
        ],
        "j11": [
            "j11",
            "images/11.jpg",
            "image/jpeg"
        ],
        "j12": [
            "j12",
            "images/12.jpg",
            "image/jpeg"
        ],
        "about": [
            "about",
            "xhtml/AboutThisDocument.xhtml",
            "application/xhtml+xml"
        ],
        "toc": [
            "toc",
            "xhtml/toc.xhtml",
            "application/xhtml+xml"
        ],
        "regions": [
            "regions",
            "xhtml/navigation-regions.xhtml",
            "application/xhtml+xml"
        ],
        "p01": [
            "p01",
            "xhtml/p01.xhtml",
            "application/xhtml+xml"
        ],
        "p02": [
            "p02",
            "xhtml/p02.xhtml",
            "application/xhtml+xml"
        ],
        "p03": [
            "p03",
            "xhtml/p03.xhtml",
            "application/xhtml+xml"
        ],
        "p04": [
            "p04",
            "xhtml/p04.xhtml",
            "application/xhtml+xml"
        ],
        "p05": [
            "p05",
            "xhtml/p05.xhtml",
            "application/xhtml+xml"
        ],
        "p06": [
            "p06",
            "xhtml/p06.xhtml",
            "application/xhtml+xml"
        ],
        "p07": [
            "p07",
            "xhtml/p07.xhtml",
            "application/xhtml+xml"
        ],
        "p08": [
            "p08",
            "xhtml/p08.xhtml",
            "application/xhtml+xml"
        ],
        "p09": [
            "p09",
            "xhtml/p09.xhtml",
            "application/xhtml+xml"
        ],
        "p10": [
            "p10",
            "xhtml/p10.xhtml",
            "application/xhtml+xml"
        ],
        "p11": [
            "p11",
            "xhtml/p11.xhtml",
            "application/xhtml+xml"
        ],
        "p12": [
            "p12",
            "xhtml/p12.xhtml",
            "application/xhtml+xml"
        ],
        "ncxtoc": [
            "ncxtoc",
            "xhtml/toc.ncx",
            "application/x-dtbncx+xml"
        ]
    },
    "toc": [
        null,
        []
    ],
    "meta": {
        "contributors": "[]",
        "creators": "[]",
        "dates": "{'creation': None, 'publication': None, 'modification': None}",
        "description": "None",
        "identifiers": "[<AttributedString 'urn:uuid:A649F639-6C1F-1014-8CC3-F813564D7508' {'id': 'ootuya-id'}>]",
        "publisher": "None",
        "languages": "[<AttributedString 'ja-jp' {}>]",
        "source": "None",
        "subjects": "[]",
        "titles": "[<AttributedString '\u30cf\u30eb\u30b3\u3055\u3093\u306e\u5f7c\u6c0f' {}>]"
    }
}