{
    "uid": "urn:uuid:A649F639-6C1F-1014-8CC3-F813564D7508",
    "version": "3.0",
    "spine": [
        "p01",
        "p02",
        "p03",
        "p04",
        "p05",
        "p06",
        "p07",
        "p08",
        "p09",
        "p10",
        "p11",
        "p12",
        "about"
    ],
    "manifest": {
        "default-style": [
            "default-style",
            "css/default.css"
        ],
        "en-style": [
            "en-style",
            "css/en.css"
        ],
        "ja-jp-style": [
            "ja-jp-style",
            "css/ja-jp.css"
        ],
        "j01": [
            "j01",
            "images/01.jpg"
        ],
        "j02": [
            "j02",
            "images/02.jpg"
        ],
        "j03": [
            "j03",
            "images/03.jpg"
        ],
        "j04": [
            "j04",
            "images/04.jpg"
        ],
        "j05": [
            "j05",
            "images/05.jpg"
        ],
        "j06": [
            "j06",
            "images/06.jpg"
        ],
        "j07": [
            "j07",
            "images/07.jpg"
        ],
        "j08": [
            "j08",
            "images/08.jpg"
        ],
        "j09": [
            "j09",
            "images/09.jpg"
        ],
        "j10": [
            "j10",
            "images/10.jpg"
        ],
        "j11": [
            "j11",
            "images/11.jpg"
        ],
        "j12": [
            "j12",
            "images/12.jpg"
        ],
        "about": [
            "about",
            "xhtml/AboutThisDocument.xhtml"
        ],
        "toc": [
            "toc",
            "xhtml/toc.xhtml"
        ],
        "p01": [
            "p01",
            "xhtml/p01.xhtml"
        ],
        "p02": [
            "p02",
            "xhtml/p02.xhtml"
        ],
        "p03": [
            "p03",
            "xhtml/p03.xhtml"
        ],
        "p04": [
            "p04",
            "xhtml/p04.xhtml"
        ],
        "p05": [
            "p05",
            "xhtml/p05.xhtml"
        ],
        "p06": [
            "p06",
            "xhtml/p06.xhtml"
        ],
        "p07": [
            "p07",
            "xhtml/p07.xhtml"
        ],
        "p08": [
            "p08",
            "xhtml/p08.xhtml"
        ],
        "p09": [
            "p09",
            "xhtml/p09.xhtml"
        ],
        "p10": [
            "p10",
            "xhtml/p10.xhtml"
        ],
        "p11": [
            "p11",
            "xhtml/p11.xhtml"
        ],
        "p12": [
            "p12",
            "xhtml/p12.xhtml"
        ],
        "ncxtoc": [
            "ncxtoc",
            "xhtml/toc.ncx"
        ]
    },
    "toc": [
        null,
        []
    ],
    "meta": {
        "contributors": [],
        "creators": [],
        "dates": {
            "creation": null,
            "publication": null,
            "modification": null
        },
        "description": null,
        "identifiers": [
            "urn:uuid:A649F639-6C1F-1014-8CC3-F813564D7508"
        ],
        "publisher": null,
        "languages": [
            "ja-jp"
        ],
        "source": null,
        "subjects": [],
        "titles": [
            "\u30cf\u30eb\u30b3\u3055\u3093\u306e\u5f7c\u6c0f"
        ]
    }
}