{
    "uid": "code.google.com.epub-samples.hefty.water",
    "version": "3.0",
    "spine": [
        "doc"
    ],
    "manifest": {
        "doc": [
            "doc",
            "heftywater.xhtml",
            "application/xhtml+xml"
        ],
        "nav": [
            "nav",
            "nav.xhtml",
            "application/xhtml+xml"
        ]
    },
    "toc": [
        null,
        []
    ],
    "meta": {
        "contributors": "[]",
        "creators": "[]",
        "dates": "{'creation': None, 'publication': datetime.datetime(2012, 3, 29, 0, 0), 'modification': None}",
        "description": "None",
        "identifiers": "[<AttributedString 'code.google.com.epub-samples.hefty.water' {'id': 'pub-id'}>]",
        "publisher": "None",
        "languages": "[<AttributedString 'en' {}>]",
        "source": "None",
        "subjects": "[]",
        "titles": "[<AttributedString 'Hefty Water' {'id': 'title'}>]"
    }
}