{
    "uid": "urn:uuid:fd515765-4725-4601-81cf-a5a0e34eb834",
    "version": "2.0",
    "spine": [
        "id0",
        "id1",
        "id2"
    ],
    "manifest": {
        "style": [
            "style",
            "style.css",
            "text/css"
        ],
        "id0": [
            "id0",
            "0.html",
            "application/xhtml+xml"
        ],
        "id1": [
            "id1",
            "1.html",
            "application/xhtml+xml"
        ],
        "id2": [
            "id2",
            "2.html",
            "application/xhtml+xml"
        ]
    },
    "toc": [
        "Inspiration from Bill Gates",
        [
            {
                "href": "0.html",
                "title": "Harvard University Commencement Address"
            },
            {
                "href": "1.html",
                "title": "Microsoft Research Faculty Summit 2013 Keynote Address"
            },
            {
                "href": "2.html",
                "title": "Q&A with Bill Gates at the Harvard Campaign Launch"
            }
        ]
    ],
    "meta": {
        "contributors": "[]",
        "creators": "[<AttributedString 'Glose' {}>]",
        "dates": "{'creation': None, 'publication': None, 'modification': None}",
        "description": "<AttributedString 'None' {}>",
        "identifiers": "[<AttributedString '9782954657776' {'scheme': 'ISBN'}>, <AttributedString 'urn:uuid:fd515765-4725-4601-81cf-a5a0e34eb834' {'id': 'uuid_id', 'scheme': 'uuid'}>]",
        "publisher": "<AttributedString 'Glose' {}>",
        "languages": "[<AttributedString 'en' {}>]",
        "source": "None",
        "subjects": "[]",
        "titles": "[<AttributedString 'Inspiration from Bill Gates' {}>]"
    }
}