{
    "uid": "urn:uuid:371ff588-ba4e-48f1-9e2f-a88a06ed942d",
    "version": "2.0",
    "spine": [
        "id0"
    ],
    "manifest": {
        "style": [
            "style",
            "style.css",
            "text/css"
        ],
        "id0": [
            "id0",
            "0.html",
            "application/xhtml+xml"
        ]
    },
    "toc": [
        "Inspiration from Chamath Palihapitiya",
        [
            {
                "href": "0.html",
                "title": "Fireside Chat with Chamath Palihapitiya and Jason Calacanis"
            }
        ]
    ],
    "meta": {
        "contributors": "[]",
        "creators": "[<AttributedString 'Glose' {}>]",
        "dates": "{'creation': None, 'publication': None, 'modification': None}",
        "description": "<AttributedString 'None' {}>",
        "identifiers": "[<AttributedString '9782954657783' {'scheme': 'ISBN'}>, <AttributedString 'urn:uuid:371ff588-ba4e-48f1-9e2f-a88a06ed942d' {'id': 'uuid_id', 'scheme': 'uuid'}>]",
        "publisher": "<AttributedString 'Glose' {}>",
        "languages": "[<AttributedString 'en' {}>]",
        "source": "None",
        "subjects": "[]",
        "titles": "[<AttributedString 'Inspiration from Chamath Palihapitiya' {}>]"
    }
}