{
    "uid": null,
    "version": "2.0",
    "spine": [
        "id0",
        "id1"
    ],
    "manifest": {
        "style": [
            "style",
            "style.css",
            "text/css"
        ],
        "id0": [
            "id0",
            "Live Life in Permanent Beta..html",
            "application/xhtml+xml"
        ],
        "id1": [
            "id1",
            "PandoMonthly Fireside Chat with Reid Hoffman..html",
            "application/xhtml+xml"
        ]
    },
    "toc": [
        "Inspiration from Reid Hoffman",
        [
            {
                "href": "Live Life in Permanent Beta..html",
                "title": "Live Life in Permanent Beta."
            },
            {
                "href": "PandoMonthly Fireside Chat with Reid Hoffman..html",
                "title": "PandoMonthly Fireside Chat with Reid Hoffman."
            }
        ]
    ],
    "meta": {
        "contributors": "[]",
        "creators": "[<AttributedString 'Glose' {}>]",
        "dates": "{'creation': None, 'publication': None, 'modification': None}",
        "description": "<AttributedString 'None' {}>",
        "identifiers": "[<AttributedString '9782954657769' {'scheme': 'ISBN'}>, <AttributedString 'urn:uuid:114d088b-5a64-47bb-ba39-86b90c90b0f5' {'id': 'uuid_id', 'scheme': 'uuid'}>]",
        "publisher": "<AttributedString 'Glose' {}>",
        "languages": "[<AttributedString 'en' {}>]",
        "source": "None",
        "subjects": "[]",
        "titles": "[<AttributedString 'Inspiration from Reid Hoffman' {}>]"
    }
}