{
    "uid": null,
    "version": "2.0",
    "spine": [
        "id0"
    ],
    "manifest": {
        "style": [
            "style",
            "style.css",
            "text/css"
        ],
        "id0": [
            "id0",
            "Mark Zuckerberg at Startup School 2013, October 19, 2013.html",
            "application/xhtml+xml"
        ]
    },
    "toc": [
        "Inspiration from Mark Zuckerberg",
        [
            {
                "href": "Mark Zuckerberg at Startup School 2013, October 19, 2013.html",
                "title": "Mark Zuckerberg at Startup School 2013, October 19, 2013"
            }
        ]
    ],
    "meta": {
        "contributors": "[]",
        "creators": "[<AttributedString 'Glose' {}>]",
        "dates": "{'creation': None, 'publication': None, 'modification': None}",
        "description": "<AttributedString 'None' {}>",
        "identifiers": "[<AttributedString '9782954657714' {'scheme': 'ISBN'}>, <AttributedString 'urn:uuid:32fddf32-3370-4d42-91df-b67cdb852f45' {'id': 'uuid_id', 'scheme': 'uuid'}>]",
        "publisher": "<AttributedString 'Glose' {}>",
        "languages": "[<AttributedString 'en' {}>]",
        "source": "None",
        "subjects": "[]",
        "titles": "[<AttributedString 'Inspiration from Mark Zuckerberg' {}>]"
    }
}