{
    "uid": "urn:uuid:e9f75adf-f0a2-4a30-b113-b146871f16e5",
    "version": "3.0",
    "spine": [
        "idcover",
        "id0001",
        "id0005",
        "id0006",
        "id0007",
        "idxnotes",
        "idloft"
    ],
    "manifest": {
        "nav": [
            "nav",
            "nav.xhtml",
            "application/xhtml+xml"
        ],
        "ncx": [
            "ncx",
            "toc.ncx",
            "application/x-dtbncx+xml"
        ],
        "idpubl": [
            "idpubl",
            "publ.xhtml",
            "application/xhtml+xml"
        ],
        "id0001": [
            "id0001",
            "0001.xhtml",
            "application/xhtml+xml"
        ],
        "id0005": [
            "id0005",
            "0005.xhtml",
            "application/xhtml+xml"
        ],
        "id0006": [
            "id0006",
            "0006.xhtml",
            "application/xhtml+xml"
        ],
        "id0007": [
            "id0007",
            "0007.xhtml",
            "application/xhtml+xml"
        ],
        "idimages1125paperwhite3jpg": [
            "idimages1125paperwhite3jpg",
            "images/1125paperwhite3.jpg",
            "image/jpeg"
        ],
        "idimages1125Paperwhite1jpg": [
            "idimages1125Paperwhite1jpg",
            "images/1125Paperwhite1.jpg",
            "image/jpeg"
        ],
        "idimagespublisherLogojpg": [
            "idimagespublisherLogojpg",
            "images/publisherLogo.jpg",
            "image/jpeg"
        ],
        "idimages1125paperwhite2jpg": [
            "idimages1125paperwhite2jpg",
            "images/1125paperwhite2.jpg",
            "image/jpeg"
        ],
        "idimagesreadiumMath1png": [
            "idimagesreadiumMath1png",
            "images/readiumMath1.png",
            "image/png"
        ],
        "idimagesiBooksMath1png": [
            "idimagesiBooksMath1png",
            "images/iBooksMath1.png",
            "image/png"
        ],
        "idimagesreadiumMath2jpg": [
            "idimagesreadiumMath2jpg",
            "images/readiumMath2.jpg",
            "image/jpeg"
        ],
        "idimagesiBooksMath2png": [
            "idimagesiBooksMath2png",
            "images/iBooksMath2.png",
            "image/png"
        ],
        "idimageskoboStorepng": [
            "idimageskoboStorepng",
            "images/koboStore.png",
            "image/png"
        ],
        "idthemescascss": [
            "idthemescascss",
            "themes/cas.css",
            "text/css"
        ],
        "idthemescas-common_epubcss": [
            "idthemescas-common_epubcss",
            "themes/cas-common_epub.css",
            "text/css"
        ],
        "idthemescas-common_kindlecss": [
            "idthemescas-common_kindlecss",
            "themes/cas-common_kindle.css",
            "text/css"
        ],
        "idthemessim2rubycss": [
            "idthemessim2rubycss",
            "themes/sim2ruby.css",
            "text/css"
        ],
        "idthemescas-commoncss": [
            "idthemescas-commoncss",
            "themes/cas-common.css",
            "text/css"
        ],
        "idthemesnormal-serif__copyrightcss": [
            "idthemesnormal-serif__copyrightcss",
            "themes/normal-serif/copyright.css",
            "text/css"
        ],
        "idthemesnormal-serif__publ-indexcss": [
            "idthemesnormal-serif__publ-indexcss",
            "themes/normal-serif/publ-index.css",
            "text/css"
        ],
        "idthemesnormal-serif__covercss": [
            "idthemesnormal-serif__covercss",
            "themes/normal-serif/cover.css",
            "text/css"
        ],
        "idthemesnormal-serif__xnotescss": [
            "idthemesnormal-serif__xnotescss",
            "themes/normal-serif/xnotes.css",
            "text/css"
        ],
        "idthemesnormal-serif__toccss": [
            "idthemesnormal-serif__toccss",
            "themes/normal-serif/toc.css",
            "text/css"
        ],
        "idthemesnormal-serif__loftcss": [
            "idthemesnormal-serif__loftcss",
            "themes/normal-serif/loft.css",
            "text/css"
        ],
        "idthemesnormal-serif__openingcss": [
            "idthemesnormal-serif__openingcss",
            "themes/normal-serif/opening.css",
            "text/css"
        ],
        "idthemesnormal-serif__genericcss": [
            "idthemesnormal-serif__genericcss",
            "themes/normal-serif/generic.css",
            "text/css"
        ],
        "idthemesnormal-serif__referencescss": [
            "idthemesnormal-serif__referencescss",
            "themes/normal-serif/references.css",
            "text/css"
        ],
        "idthemesnormal-serif__commoncss": [
            "idthemesnormal-serif__commoncss",
            "themes/normal-serif/common.css",
            "text/css"
        ],
        "idstylesstylecss": [
            "idstylesstylecss",
            "styles/style.css",
            "text/css"
        ],
        "idcoverpng": [
            "idcoverpng",
            "cover.png",
            "image/png"
        ],
        "idxnotes": [
            "idxnotes",
            "xnotes.xhtml",
            "application/xhtml+xml"
        ],
        "idloft": [
            "idloft",
            "loft.xhtml",
            "application/xhtml+xml"
        ],
        "idcover": [
            "idcover",
            "cover.xhtml",
            "application/xhtml+xml"
        ]
    },
    "toc": [
        null,
        []
    ],
    "meta": {
        "contributors": "[]",
        "creators": "[]",
        "dates": "{'creation': None, 'publication': datetime.datetime(2012, 12, 6, 0, 0), 'modification': None}",
        "description": "None",
        "identifiers": "[<AttributedString 'urn:uuid:e9f75adf-f0a2-4a30-b113-b146871f16e5' {'id': 'BookId'}>]",
        "publisher": "None",
        "languages": "[<AttributedString 'ja' {}>]",
        "source": "None",
        "subjects": "[]",
        "titles": "[<AttributedString 'ID\u306b\u6f22\u5b57\u306a\u3069\u3092\u4f7f\u7528\u3057\u305f\u30b5\u30f3\u30d7\u30eb' {}>]"
    }
}