{
    "uid": "hee31112104",
    "version": "3.0",
    "spine": [
        "cover",
        "copyright",
        "chapter1",
        "chapter2",
        "chapter3",
        "chapter4",
        "chapter5",
        "chapter6",
        "chapter7",
        "chapter8",
        "chapter9",
        "chapter10"
    ],
    "manifest": {
        "ncx": [
            "ncx",
            "toc.ncx",
            "application/x-dtbncx+xml"
        ],
        "toc": [
            "toc",
            "toc.xhtml",
            "application/xhtml+xml"
        ],
        "css": [
            "css",
            "default.css",
            "text/css"
        ],
        "DejaVuSans": [
            "DejaVuSans",
            "Fonts/DejaVuSans.ttf",
            "font/ttf"
        ],
        "DejaVuSans-Oblique": [
            "DejaVuSans-Oblique",
            "Fonts/DejaVuSans-Oblique.ttf",
            "font/ttf"
        ],
        "DejaVuSans-Bold": [
            "DejaVuSans-Bold",
            "Fonts/DejaVuSans-Bold.ttf",
            "font/ttf"
        ],
        "DejaVuSans-BoldOblique": [
            "DejaVuSans-BoldOblique",
            "Fonts/DejaVuSans-BoldOblique.ttf",
            "font/ttf"
        ],
        "pdheb": [
            "pdheb",
            "Fonts/pdheb.ttf",
            "font/ttf"
        ],
        "cover-image": [
            "cover-image",
            "israelsailing.jpg",
            "image/jpeg"
        ],
        "licenselogo": [
            "licenselogo",
            "logo_ccbysa.png",
            "image/png"
        ],
        "cover": [
            "cover",
            "cover.xhtml",
            "application/xhtml+xml"
        ],
        "copyright": [
            "copyright",
            "copyright.xhtml",
            "application/xhtml+xml"
        ],
        "chapter1": [
            "chapter1",
            "chapter1.xhtml",
            "application/xhtml+xml"
        ],
        "pic65": [
            "pic65",
            "pic65.jpg",
            "image/jpeg"
        ],
        "chapter2": [
            "chapter2",
            "chapter2.xhtml",
            "application/xhtml+xml"
        ],
        "c2": [
            "c2",
            "c2.jpg",
            "image/jpeg"
        ],
        "chapter3": [
            "chapter3",
            "chapter3.xhtml",
            "application/xhtml+xml"
        ],
        "chapter4": [
            "chapter4",
            "chapter4.xhtml",
            "application/xhtml+xml"
        ],
        "chapter5": [
            "chapter5",
            "chapter5.xhtml",
            "application/xhtml+xml"
        ],
        "p2": [
            "p2",
            "p2.jpg",
            "image/jpeg"
        ],
        "chapter6": [
            "chapter6",
            "chapter6.xhtml",
            "application/xhtml+xml"
        ],
        "DSC_0645": [
            "DSC_0645",
            "DSC_0645.jpg",
            "image/jpeg"
        ],
        "chapter7": [
            "chapter7",
            "chapter7.xhtml",
            "application/xhtml+xml"
        ],
        "chapter8": [
            "chapter8",
            "chapter8.xhtml",
            "application/xhtml+xml"
        ],
        "chapter9": [
            "chapter9",
            "chapter9.xhtml",
            "application/xhtml+xml"
        ],
        "chapter10": [
            "chapter10",
            "chapter10.xhtml",
            "application/xhtml+xml"
        ],
        "p7": [
            "p7",
            "p7.jpg",
            "image/jpeg"
        ]
    },
    "toc": [
        null,
        []
    ],
    "meta": {
        "contributors": "[]",
        "creators": "[<AttributedString '\u05d0\u05d5\u05e8\u05d9 \u05e2\u05d9\u05d3\u05df' {}>]",
        "dates": "{'creation': None, 'publication': datetime.datetime(2013, 1, 25, 0, 0), 'modification': None}",
        "description": "<AttributedString '\u05db\u05e9\u05e0\u05ea\u05d9\u05d9\u05dd \u05dc\u05d0\u05d7\u05e8 \u05ea\u05d5\u05dd \u05d4\u05e1\u05d9\u05e4\u05d5\u05e8 \"\u05e8\u05d7\u05e9\u05d9 \u05d4\u05dc\u05d1 \u05d4\u05d0\u05d7\u05e8\u05d5\u05e0\u05d9\u05dd\" \u05d0\u05d1\u05d9\u05e9\u05d9 \u05d2\u05e8 \u05d1\u05d9\u05d0\u05db\u05d8\u05d4 \u05e9\u05dc\u05d5 \u05d1\u05de\u05e8\u05d9\u05e0\u05d4 \u05d4\u05e8\u05e6\u05dc\u05d9\u05d4. \u05dc\u05e4\u05ea\u05e2 \u05d4\u05d5\u05d0 \u05de\u05e7\u05d1\u05dc \u05d1\u05d9\u05e7\u05d5\u05e8 \u05d1\u05dc\u05ea\u05d9 \u05e6\u05e4\u05d5\u05d9. \u05d1\u05d9\u05e7\u05d5\u05e8 \u05d6\u05d4 \u05de\u05d5\u05d1\u05d9\u05dc \u05dc\u05d4\u05e8\u05e4\u05ea\u05e7\u05d0\u05d5\u05ea \u05de\u05e2\u05e0\u05d9\u05d9\u05e0\u05d5\u05ea \u05dc\u05d0\u05d5\u05e8\u05da \u05d7\u05d5\u05e4\u05d9 \u05d4\u05d0\u05e8\u05e5.\\n\u05db\u05de\u05d5 \u05d1\u05e9\u05d0\u05e8 \u05d4\u05e1\u05e4\u05e8\u05d9\u05dd \u05e2\u05dc \u05d0\u05d1\u05d9\u05e9\u05d9, \u05d0\u05d9\u05df \u05e6\u05d5\u05e8\u05da \u05dc\u05e7\u05e8\u05d5\u05d0 \u05d0\u05ea \u05d4\u05e1\u05e4\u05e8\u05d9\u05dd \u05d4\u05d0\u05d7\u05e8\u05d9\u05dd \u05e2\u05dc \u05de\u05e0\u05ea \u05dc\u05d4\u05d1\u05d9\u05df \u05e1\u05d9\u05e4\u05d5\u05e8 \u05d6\u05d4.\\n\u05ea\u05d5\u05d3\u05d4 \u05dc\u05d3\"\u05e8 \u05d0\u05dc\u05d3\u05d3 \u05e8\u05d7\u05d1\u05d9\u05d4 \u05e2\u05dc \u05d4\u05d9\u05e2\u05d5\u05e5 \u05d4\u05e8\u05e4\u05d5\u05d0\u05d9 \u05d5\u05dc\u05d9\u05d4\u05d5\u05d3\u05d9\u05ea \u05d2\u05d5\u05e8\u05d2\\'\u05d9 \u05e2\u05dc \u05d4\u05d4\u05d2\u05d4\u05d4.' {}>",
        "identifiers": "[<AttributedString 'hee31112104' {'id': 'bookid'}>]",
        "publisher": "<AttributedString '\u05d4\u05dc\u05d9\u05e7\u05d5\u05df \u05e1\u05e4\u05e8\u05d9\u05dd' {}>",
        "languages": "[<AttributedString 'he' {}>]",
        "source": "None",
        "subjects": "[<AttributedString '\u05e4\u05e8\u05d5\u05d6\u05d4' {}>]",
        "titles": "[<AttributedString '\u05de\u05e4\u05dc\u05d9\u05d2\u05d9\u05dd \u05d1\u05d9\u05e9\u05e8\u05d0\u05dc' {}>]"
    }
}