{
    "uid": "urn:uuid:0adbf9b2-4916-472b-9699-fe752776d62a",
    "version": "2.0",
    "spine": [
        "html0",
        "html1",
        "html2",
        "html3",
        "html4",
        "html5",
        "html6",
        "html7",
        "html8",
        "html9",
        "html10",
        "html11",
        "html12",
        "html13",
        "html14",
        "html15",
        "html16",
        "html17",
        "html18",
        "html19",
        "html20",
        "html21",
        "html22",
        "html23",
        "html24",
        "html25",
        "html26"
    ],
    "manifest": {
        "cover": [
            "cover",
            "cover.jpg",
            "image/jpeg"
        ],
        "html0": [
            "html0",
            "0.html",
            "application/xhtml+xml"
        ],
        "html1": [
            "html1",
            "1.html",
            "application/xhtml+xml"
        ],
        "html2": [
            "html2",
            "2.html",
            "application/xhtml+xml"
        ],
        "html3": [
            "html3",
            "3.html",
            "application/xhtml+xml"
        ],
        "html4": [
            "html4",
            "4.html",
            "application/xhtml+xml"
        ],
        "html5": [
            "html5",
            "5.html",
            "application/xhtml+xml"
        ],
        "html6": [
            "html6",
            "6.html",
            "application/xhtml+xml"
        ],
        "html7": [
            "html7",
            "7.html",
            "application/xhtml+xml"
        ],
        "html8": [
            "html8",
            "8.html",
            "application/xhtml+xml"
        ],
        "html9": [
            "html9",
            "9.html",
            "application/xhtml+xml"
        ],
        "html10": [
            "html10",
            "10.html",
            "application/xhtml+xml"
        ],
        "html11": [
            "html11",
            "11.html",
            "application/xhtml+xml"
        ],
        "html12": [
            "html12",
            "12.html",
            "application/xhtml+xml"
        ],
        "html13": [
            "html13",
            "13.html",
            "application/xhtml+xml"
        ],
        "html14": [
            "html14",
            "14.html",
            "application/xhtml+xml"
        ],
        "html15": [
            "html15",
            "15.html",
            "application/xhtml+xml"
        ],
        "html16": [
            "html16",
            "16.html",
            "application/xhtml+xml"
        ],
        "html17": [
            "html17",
            "17.html",
            "application/xhtml+xml"
        ],
        "html18": [
            "html18",
            "18.html",
            "application/xhtml+xml"
        ],
        "html19": [
            "html19",
            "19.html",
            "application/xhtml+xml"
        ],
        "html20": [
            "html20",
            "20.html",
            "application/xhtml+xml"
        ],
        "html21": [
            "html21",
            "21.html",
            "application/xhtml+xml"
        ],
        "html22": [
            "html22",
            "22.html",
            "application/xhtml+xml"
        ],
        "html23": [
            "html23",
            "23.html",
            "application/xhtml+xml"
        ],
        "html24": [
            "html24",
            "24.html",
            "application/xhtml+xml"
        ],
        "html25": [
            "html25",
            "25.html",
            "application/xhtml+xml"
        ],
        "html26": [
            "html26",
            "26.html",
            "application/xhtml+xml"
        ],
        "asset0": [
            "asset0",
            "cover.jpg",
            "image/jpeg"
        ]
    },
    "toc": [
        "Les Fourberies de Scapin",
        [
            {
                "href": "0.html",
                "title": "Personnages"
            },
            {
                "href": "1.html",
                "title": "Acte I"
            },
            {
                "href": "6.html",
                "title": "Acte II"
            },
            {
                "href": "14.html",
                "title": "Acte III"
            }
        ]
    ],
    "meta": {
        "contributors": "[]",
        "creators": "[<AttributedString 'Moli\u00e8re' {}>]",
        "dates": "{'creation': None, 'publication': None, 'modification': None}",
        "description": "<AttributedString \"En l'absence de leurs p\u00e8res, deux fils de bonne famille, L\u00e9andre et Octave, tombent amoureux, l'un d'une belle Egyptienne, l'autre d'une jeune fille pauvre et \u00e9plor\u00e9e. Ils n'en font qu'\u00e0 leur t\u00eate ; le premier couvre sa bien-aim\u00e9e de pr\u00e9sents, le second, pouss\u00e9 par la passion, \u00e9pouse la sienne. Quel effroi quand les deux gar\u00e7ons apprennent le retour de leurs parents respectifs ! Un seul homme peut leur venir en aide : Scapin, le valet de L\u00e9andre. Son inventivit\u00e9 et sa malice sont ses atouts : p\u00e8res amadou\u00e9s, amants content\u00e9s. La plus c\u00e9l\u00e8bre farce de Moli\u00e8re suit un rythme soutenu, m\u00ealant des quiproquos savoureux, des r\u00e9pliques bien senties et quelques coups de b\u00e2ton sur le dos des ma\u00eetres !\" {}>",
        "identifiers": "[<AttributedString '9782371185517' {'scheme': 'ISBN'}>, <AttributedString 'urn:uuid:0adbf9b2-4916-472b-9699-fe752776d62a' {'id': 'uid', 'scheme': 'uuid'}>]",
        "publisher": "<AttributedString 'Glose' {}>",
        "languages": "[<AttributedString 'fr' {}>]",
        "source": "None",
        "subjects": "[]",
        "titles": "[<AttributedString 'Les Fourberies de Scapin' {}>]"
    }
}