{
    "uid": "code.google.com.epub-samples.moby-dick-basic",
    "version": "3.0",
    "spine": [
        "cover",
        "titlepage",
        "brief-toc",
        "xpreface_001",
        "xintroduction_001",
        "xepigraph_001",
        "xchapter_001",
        "xchapter_002",
        "xchapter_003",
        "xchapter_004",
        "xchapter_005",
        "xchapter_006",
        "xchapter_007",
        "xchapter_008",
        "xchapter_009",
        "xchapter_010",
        "xchapter_011",
        "xchapter_012",
        "xchapter_013",
        "xchapter_014",
        "xchapter_015",
        "xchapter_016",
        "xchapter_017",
        "xchapter_018",
        "xchapter_019",
        "xchapter_020",
        "xchapter_021",
        "xchapter_022",
        "xchapter_023",
        "xchapter_024",
        "xchapter_025",
        "xchapter_026",
        "xchapter_027",
        "xchapter_028",
        "xchapter_029",
        "xchapter_030",
        "xchapter_031",
        "xchapter_032",
        "xchapter_033",
        "xchapter_034",
        "xchapter_035",
        "xchapter_036",
        "xchapter_037",
        "xchapter_038",
        "xchapter_039",
        "xchapter_040",
        "xchapter_041",
        "xchapter_042",
        "xchapter_043",
        "xchapter_044",
        "xchapter_045",
        "xchapter_046",
        "xchapter_047",
        "xchapter_048",
        "xchapter_049",
        "xchapter_050",
        "xchapter_051",
        "xchapter_052",
        "xchapter_053",
        "xchapter_054",
        "xchapter_055",
        "xchapter_056",
        "xchapter_057",
        "xchapter_058",
        "xchapter_059",
        "xchapter_060",
        "xchapter_061",
        "xchapter_062",
        "xchapter_063",
        "xchapter_064",
        "xchapter_065",
        "xchapter_066",
        "xchapter_067",
        "xchapter_068",
        "xchapter_069",
        "xchapter_070",
        "xchapter_071",
        "xchapter_072",
        "xchapter_073",
        "xchapter_074",
        "xchapter_075",
        "xchapter_076",
        "xchapter_077",
        "xchapter_078",
        "xchapter_079",
        "xchapter_080",
        "xchapter_081",
        "xchapter_082",
        "xchapter_083",
        "xchapter_084",
        "xchapter_085",
        "xchapter_086",
        "xchapter_087",
        "xchapter_088",
        "xchapter_089",
        "xchapter_090",
        "xchapter_091",
        "xchapter_092",
        "xchapter_093",
        "xchapter_094",
        "xchapter_095",
        "xchapter_096",
        "xchapter_097",
        "xchapter_098",
        "xchapter_099",
        "xchapter_100",
        "xchapter_101",
        "xchapter_102",
        "xchapter_103",
        "xchapter_104",
        "xchapter_105",
        "xchapter_106",
        "xchapter_107",
        "xchapter_108",
        "xchapter_109",
        "xchapter_110",
        "xchapter_111",
        "xchapter_112",
        "xchapter_113",
        "xchapter_114",
        "xchapter_115",
        "xchapter_116",
        "xchapter_117",
        "xchapter_118",
        "xchapter_119",
        "xchapter_120",
        "xchapter_121",
        "xchapter_122",
        "xchapter_123",
        "xchapter_124",
        "xchapter_125",
        "xchapter_126",
        "xchapter_127",
        "xchapter_128",
        "xchapter_129",
        "xchapter_130",
        "xchapter_131",
        "xchapter_132",
        "xchapter_133",
        "xchapter_134",
        "xchapter_135",
        "xchapter_136",
        "copyright",
        "toc"
    ],
    "manifest": {
        "font.stix.regular": [
            "font.stix.regular",
            "fonts/STIXGeneral.otf",
            "font/otf"
        ],
        "font.stix.italic": [
            "font.stix.italic",
            "fonts/STIXGeneralItalic.otf",
            "font/otf"
        ],
        "font.stix.bold": [
            "font.stix.bold",
            "fonts/STIXGeneralBol.otf",
            "font/otf"
        ],
        "font.stix.bold.italic": [
            "font.stix.bold.italic",
            "fonts/STIXGeneralBolIta.otf",
            "font/otf"
        ],
        "toc": [
            "toc",
            "toc.xhtml",
            "application/xhtml+xml"
        ],
        "copyright": [
            "copyright",
            "copyright.xhtml",
            "application/xhtml+xml"
        ],
        "titlepage": [
            "titlepage",
            "titlepage.xhtml",
            "application/xhtml+xml"
        ],
        "cover": [
            "cover",
            "cover.xhtml",
            "application/xhtml+xml"
        ],
        "cover-image": [
            "cover-image",
            "images/9780316000000.jpg",
            "image/jpeg"
        ],
        "style": [
            "style",
            "css/stylesheet.css",
            "text/css"
        ],
        "aMoby-Dick_FE_title_page": [
            "aMoby-Dick_FE_title_page",
            "images/Moby-Dick_FE_title_page.jpg",
            "image/jpeg"
        ],
        "xpreface_001": [
            "xpreface_001",
            "preface_001.xhtml",
            "application/xhtml+xml"
        ],
        "xintroduction_001": [
            "xintroduction_001",
            "introduction_001.xhtml",
            "application/xhtml+xml"
        ],
        "xepigraph_001": [
            "xepigraph_001",
            "epigraph_001.xhtml",
            "application/xhtml+xml"
        ],
        "xchapter_001": [
            "xchapter_001",
            "chapter_001.xhtml",
            "application/xhtml+xml"
        ],
        "xchapter_002": [
            "xchapter_002",
            "chapter_002.xhtml",
            "application/xhtml+xml"
        ],
        "xchapter_003": [
            "xchapter_003",
            "chapter_003.xhtml",
            "application/xhtml+xml"
        ],
        "xchapter_004": [
            "xchapter_004",
            "chapter_004.xhtml",
            "application/xhtml+xml"
        ],
        "xchapter_005": [
            "xchapter_005",
            "chapter_005.xhtml",
            "application/xhtml+xml"
        ],
        "xchapter_006": [
            "xchapter_006",
            "chapter_006.xhtml",
            "application/xhtml+xml"
        ],
        "xchapter_007": [
            "xchapter_007",
            "chapter_007.xhtml",
            "application/xhtml+xml"
        ],
        "xchapter_008": [
            "xchapter_008",
            "chapter_008.xhtml",
            "application/xhtml+xml"
        ],
        "xchapter_009": [
            "xchapter_009",
            "chapter_009.xhtml",
            "application/xhtml+xml"
        ],
        "xchapter_010": [
            "xchapter_010",
            "chapter_010.xhtml",
            "application/xhtml+xml"
        ],
        "xchapter_011": [
            "xchapter_011",
            "chapter_011.xhtml",
            "application/xhtml+xml"
        ],
        "xchapter_012": [
            "xchapter_012",
            "chapter_012.xhtml",
            "application/xhtml+xml"
        ],
        "xchapter_013": [
            "xchapter_013",
            "chapter_013.xhtml",
            "application/xhtml+xml"
        ],
        "xchapter_014": [
            "xchapter_014",
            "chapter_014.xhtml",
            "application/xhtml+xml"
        ],
        "xchapter_015": [
            "xchapter_015",
            "chapter_015.xhtml",
            "application/xhtml+xml"
        ],
        "xchapter_016": [
            "xchapter_016",
            "chapter_016.xhtml",
            "application/xhtml+xml"
        ],
        "xchapter_017": [
            "xchapter_017",
            "chapter_017.xhtml",
            "application/xhtml+xml"
        ],
        "xchapter_018": [
            "xchapter_018",
            "chapter_018.xhtml",
            "application/xhtml+xml"
        ],
        "xchapter_019": [
            "xchapter_019",
            "chapter_019.xhtml",
            "application/xhtml+xml"
        ],
        "xchapter_020": [
            "xchapter_020",
            "chapter_020.xhtml",
            "application/xhtml+xml"
        ],
        "xchapter_021": [
            "xchapter_021",
            "chapter_021.xhtml",
            "application/xhtml+xml"
        ],
        "xchapter_022": [
            "xchapter_022",
            "chapter_022.xhtml",
            "application/xhtml+xml"
        ],
        "xchapter_023": [
            "xchapter_023",
            "chapter_023.xhtml",
            "application/xhtml+xml"
        ],
        "xchapter_024": [
            "xchapter_024",
            "chapter_024.xhtml",
            "application/xhtml+xml"
        ],
        "xchapter_025": [
            "xchapter_025",
            "chapter_025.xhtml",
            "application/xhtml+xml"
        ],
        "xchapter_026": [
            "xchapter_026",
            "chapter_026.xhtml",
            "application/xhtml+xml"
        ],
        "xchapter_027": [
            "xchapter_027",
            "chapter_027.xhtml",
            "application/xhtml+xml"
        ],
        "xchapter_028": [
            "xchapter_028",
            "chapter_028.xhtml",
            "application/xhtml+xml"
        ],
        "xchapter_029": [
            "xchapter_029",
            "chapter_029.xhtml",
            "application/xhtml+xml"
        ],
        "xchapter_030": [
            "xchapter_030",
            "chapter_030.xhtml",
            "application/xhtml+xml"
        ],
        "xchapter_031": [
            "xchapter_031",
            "chapter_031.xhtml",
            "application/xhtml+xml"
        ],
        "xchapter_032": [
            "xchapter_032",
            "chapter_032.xhtml",
            "application/xhtml+xml"
        ],
        "xchapter_033": [
            "xchapter_033",
            "chapter_033.xhtml",
            "application/xhtml+xml"
        ],
        "xchapter_034": [
            "xchapter_034",
            "chapter_034.xhtml",
            "application/xhtml+xml"
        ],
        "xchapter_035": [
            "xchapter_035",
            "chapter_035.xhtml",
            "application/xhtml+xml"
        ],
        "xchapter_036": [
            "xchapter_036",
            "chapter_036.xhtml",
            "application/xhtml+xml"
        ],
        "xchapter_037": [
            "xchapter_037",
            "chapter_037.xhtml",
            "application/xhtml+xml"
        ],
        "xchapter_038": [
            "xchapter_038",
            "chapter_038.xhtml",
            "application/xhtml+xml"
        ],
        "xchapter_039": [
            "xchapter_039",
            "chapter_039.xhtml",
            "application/xhtml+xml"
        ],
        "xchapter_040": [
            "xchapter_040",
            "chapter_040.xhtml",
            "application/xhtml+xml"
        ],
        "xchapter_041": [
            "xchapter_041",
            "chapter_041.xhtml",
            "application/xhtml+xml"
        ],
        "xchapter_042": [
            "xchapter_042",
            "chapter_042.xhtml",
            "application/xhtml+xml"
        ],
        "xchapter_043": [
            "xchapter_043",
            "chapter_043.xhtml",
            "application/xhtml+xml"
        ],
        "xchapter_044": [
            "xchapter_044",
            "chapter_044.xhtml",
            "application/xhtml+xml"
        ],
        "xchapter_045": [
            "xchapter_045",
            "chapter_045.xhtml",
            "application/xhtml+xml"
        ],
        "xchapter_046": [
            "xchapter_046",
            "chapter_046.xhtml",
            "application/xhtml+xml"
        ],
        "xchapter_047": [
            "xchapter_047",
            "chapter_047.xhtml",
            "application/xhtml+xml"
        ],
        "xchapter_048": [
            "xchapter_048",
            "chapter_048.xhtml",
            "application/xhtml+xml"
        ],
        "xchapter_049": [
            "xchapter_049",
            "chapter_049.xhtml",
            "application/xhtml+xml"
        ],
        "xchapter_050": [
            "xchapter_050",
            "chapter_050.xhtml",
            "application/xhtml+xml"
        ],
        "xchapter_051": [
            "xchapter_051",
            "chapter_051.xhtml",
            "application/xhtml+xml"
        ],
        "xchapter_052": [
            "xchapter_052",
            "chapter_052.xhtml",
            "application/xhtml+xml"
        ],
        "xchapter_053": [
            "xchapter_053",
            "chapter_053.xhtml",
            "application/xhtml+xml"
        ],
        "xchapter_054": [
            "xchapter_054",
            "chapter_054.xhtml",
            "application/xhtml+xml"
        ],
        "xchapter_055": [
            "xchapter_055",
            "chapter_055.xhtml",
            "application/xhtml+xml"
        ],
        "xchapter_056": [
            "xchapter_056",
            "chapter_056.xhtml",
            "application/xhtml+xml"
        ],
        "xchapter_057": [
            "xchapter_057",
            "chapter_057.xhtml",
            "application/xhtml+xml"
        ],
        "xchapter_058": [
            "xchapter_058",
            "chapter_058.xhtml",
            "application/xhtml+xml"
        ],
        "xchapter_059": [
            "xchapter_059",
            "chapter_059.xhtml",
            "application/xhtml+xml"
        ],
        "xchapter_060": [
            "xchapter_060",
            "chapter_060.xhtml",
            "application/xhtml+xml"
        ],
        "xchapter_061": [
            "xchapter_061",
            "chapter_061.xhtml",
            "application/xhtml+xml"
        ],
        "xchapter_062": [
            "xchapter_062",
            "chapter_062.xhtml",
            "application/xhtml+xml"
        ],
        "xchapter_063": [
            "xchapter_063",
            "chapter_063.xhtml",
            "application/xhtml+xml"
        ],
        "xchapter_064": [
            "xchapter_064",
            "chapter_064.xhtml",
            "application/xhtml+xml"
        ],
        "xchapter_065": [
            "xchapter_065",
            "chapter_065.xhtml",
            "application/xhtml+xml"
        ],
        "xchapter_066": [
            "xchapter_066",
            "chapter_066.xhtml",
            "application/xhtml+xml"
        ],
        "xchapter_067": [
            "xchapter_067",
            "chapter_067.xhtml",
            "application/xhtml+xml"
        ],
        "xchapter_068": [
            "xchapter_068",
            "chapter_068.xhtml",
            "application/xhtml+xml"
        ],
        "xchapter_069": [
            "xchapter_069",
            "chapter_069.xhtml",
            "application/xhtml+xml"
        ],
        "xchapter_070": [
            "xchapter_070",
            "chapter_070.xhtml",
            "application/xhtml+xml"
        ],
        "xchapter_071": [
            "xchapter_071",
            "chapter_071.xhtml",
            "application/xhtml+xml"
        ],
        "xchapter_072": [
            "xchapter_072",
            "chapter_072.xhtml",
            "application/xhtml+xml"
        ],
        "xchapter_073": [
            "xchapter_073",
            "chapter_073.xhtml",
            "application/xhtml+xml"
        ],
        "xchapter_074": [
            "xchapter_074",
            "chapter_074.xhtml",
            "application/xhtml+xml"
        ],
        "xchapter_075": [
            "xchapter_075",
            "chapter_075.xhtml",
            "application/xhtml+xml"
        ],
        "xchapter_076": [
            "xchapter_076",
            "chapter_076.xhtml",
            "application/xhtml+xml"
        ],
        "xchapter_077": [
            "xchapter_077",
            "chapter_077.xhtml",
            "application/xhtml+xml"
        ],
        "xchapter_078": [
            "xchapter_078",
            "chapter_078.xhtml",
            "application/xhtml+xml"
        ],
        "xchapter_079": [
            "xchapter_079",
            "chapter_079.xhtml",
            "application/xhtml+xml"
        ],
        "xchapter_080": [
            "xchapter_080",
            "chapter_080.xhtml",
            "application/xhtml+xml"
        ],
        "xchapter_081": [
            "xchapter_081",
            "chapter_081.xhtml",
            "application/xhtml+xml"
        ],
        "xchapter_082": [
            "xchapter_082",
            "chapter_082.xhtml",
            "application/xhtml+xml"
        ],
        "xchapter_083": [
            "xchapter_083",
            "chapter_083.xhtml",
            "application/xhtml+xml"
        ],
        "xchapter_084": [
            "xchapter_084",
            "chapter_084.xhtml",
            "application/xhtml+xml"
        ],
        "xchapter_085": [
            "xchapter_085",
            "chapter_085.xhtml",
            "application/xhtml+xml"
        ],
        "xchapter_086": [
            "xchapter_086",
            "chapter_086.xhtml",
            "application/xhtml+xml"
        ],
        "xchapter_087": [
            "xchapter_087",
            "chapter_087.xhtml",
            "application/xhtml+xml"
        ],
        "xchapter_088": [
            "xchapter_088",
            "chapter_088.xhtml",
            "application/xhtml+xml"
        ],
        "xchapter_089": [
            "xchapter_089",
            "chapter_089.xhtml",
            "application/xhtml+xml"
        ],
        "xchapter_090": [
            "xchapter_090",
            "chapter_090.xhtml",
            "application/xhtml+xml"
        ],
        "xchapter_091": [
            "xchapter_091",
            "chapter_091.xhtml",
            "application/xhtml+xml"
        ],
        "xchapter_092": [
            "xchapter_092",
            "chapter_092.xhtml",
            "application/xhtml+xml"
        ],
        "xchapter_093": [
            "xchapter_093",
            "chapter_093.xhtml",
            "application/xhtml+xml"
        ],
        "xchapter_094": [
            "xchapter_094",
            "chapter_094.xhtml",
            "application/xhtml+xml"
        ],
        "xchapter_095": [
            "xchapter_095",
            "chapter_095.xhtml",
            "application/xhtml+xml"
        ],
        "xchapter_096": [
            "xchapter_096",
            "chapter_096.xhtml",
            "application/xhtml+xml"
        ],
        "xchapter_097": [
            "xchapter_097",
            "chapter_097.xhtml",
            "application/xhtml+xml"
        ],
        "xchapter_098": [
            "xchapter_098",
            "chapter_098.xhtml",
            "application/xhtml+xml"
        ],
        "xchapter_099": [
            "xchapter_099",
            "chapter_099.xhtml",
            "application/xhtml+xml"
        ],
        "xchapter_100": [
            "xchapter_100",
            "chapter_100.xhtml",
            "application/xhtml+xml"
        ],
        "xchapter_101": [
            "xchapter_101",
            "chapter_101.xhtml",
            "application/xhtml+xml"
        ],
        "xchapter_102": [
            "xchapter_102",
            "chapter_102.xhtml",
            "application/xhtml+xml"
        ],
        "xchapter_103": [
            "xchapter_103",
            "chapter_103.xhtml",
            "application/xhtml+xml"
        ],
        "xchapter_104": [
            "xchapter_104",
            "chapter_104.xhtml",
            "application/xhtml+xml"
        ],
        "xchapter_105": [
            "xchapter_105",
            "chapter_105.xhtml",
            "application/xhtml+xml"
        ],
        "xchapter_106": [
            "xchapter_106",
            "chapter_106.xhtml",
            "application/xhtml+xml"
        ],
        "xchapter_107": [
            "xchapter_107",
            "chapter_107.xhtml",
            "application/xhtml+xml"
        ],
        "xchapter_108": [
            "xchapter_108",
            "chapter_108.xhtml",
            "application/xhtml+xml"
        ],
        "xchapter_109": [
            "xchapter_109",
            "chapter_109.xhtml",
            "application/xhtml+xml"
        ],
        "xchapter_110": [
            "xchapter_110",
            "chapter_110.xhtml",
            "application/xhtml+xml"
        ],
        "xchapter_111": [
            "xchapter_111",
            "chapter_111.xhtml",
            "application/xhtml+xml"
        ],
        "xchapter_112": [
            "xchapter_112",
            "chapter_112.xhtml",
            "application/xhtml+xml"
        ],
        "xchapter_113": [
            "xchapter_113",
            "chapter_113.xhtml",
            "application/xhtml+xml"
        ],
        "xchapter_114": [
            "xchapter_114",
            "chapter_114.xhtml",
            "application/xhtml+xml"
        ],
        "xchapter_115": [
            "xchapter_115",
            "chapter_115.xhtml",
            "application/xhtml+xml"
        ],
        "xchapter_116": [
            "xchapter_116",
            "chapter_116.xhtml",
            "application/xhtml+xml"
        ],
        "xchapter_117": [
            "xchapter_117",
            "chapter_117.xhtml",
            "application/xhtml+xml"
        ],
        "xchapter_118": [
            "xchapter_118",
            "chapter_118.xhtml",
            "application/xhtml+xml"
        ],
        "xchapter_119": [
            "xchapter_119",
            "chapter_119.xhtml",
            "application/xhtml+xml"
        ],
        "xchapter_120": [
            "xchapter_120",
            "chapter_120.xhtml",
            "application/xhtml+xml"
        ],
        "xchapter_121": [
            "xchapter_121",
            "chapter_121.xhtml",
            "application/xhtml+xml"
        ],
        "xchapter_122": [
            "xchapter_122",
            "chapter_122.xhtml",
            "application/xhtml+xml"
        ],
        "xchapter_123": [
            "xchapter_123",
            "chapter_123.xhtml",
            "application/xhtml+xml"
        ],
        "xchapter_124": [
            "xchapter_124",
            "chapter_124.xhtml",
            "application/xhtml+xml"
        ],
        "xchapter_125": [
            "xchapter_125",
            "chapter_125.xhtml",
            "application/xhtml+xml"
        ],
        "xchapter_126": [
            "xchapter_126",
            "chapter_126.xhtml",
            "application/xhtml+xml"
        ],
        "xchapter_127": [
            "xchapter_127",
            "chapter_127.xhtml",
            "application/xhtml+xml"
        ],
        "xchapter_128": [
            "xchapter_128",
            "chapter_128.xhtml",
            "application/xhtml+xml"
        ],
        "xchapter_129": [
            "xchapter_129",
            "chapter_129.xhtml",
            "application/xhtml+xml"
        ],
        "xchapter_130": [
            "xchapter_130",
            "chapter_130.xhtml",
            "application/xhtml+xml"
        ],
        "xchapter_131": [
            "xchapter_131",
            "chapter_131.xhtml",
            "application/xhtml+xml"
        ],
        "xchapter_132": [
            "xchapter_132",
            "chapter_132.xhtml",
            "application/xhtml+xml"
        ],
        "xchapter_133": [
            "xchapter_133",
            "chapter_133.xhtml",
            "application/xhtml+xml"
        ],
        "xchapter_134": [
            "xchapter_134",
            "chapter_134.xhtml",
            "application/xhtml+xml"
        ],
        "xchapter_135": [
            "xchapter_135",
            "chapter_135.xhtml",
            "application/xhtml+xml"
        ],
        "xchapter_136": [
            "xchapter_136",
            "chapter_136.xhtml",
            "application/xhtml+xml"
        ],
        "brief-toc": [
            "brief-toc",
            "toc-short.xhtml",
            "application/xhtml+xml"
        ]
    },
    "toc": [
        null,
        []
    ],
    "meta": {
        "contributors": "[<AttributedString 'Dave Cramer' {'id': 'contrib1'}>]",
        "creators": "[<AttributedString 'Herman Melville' {'id': 'creator'}>]",
        "dates": "{'creation': None, 'publication': None, 'modification': None}",
        "description": "None",
        "identifiers": "[<AttributedString 'code.google.com.epub-samples.moby-dick-basic' {'id': 'pub-id'}>]",
        "publisher": "<AttributedString 'Harper & Brothers, Publishers' {}>",
        "languages": "[<AttributedString 'en-US' {}>]",
        "source": "None",
        "subjects": "[]",
        "titles": "[<AttributedString 'Moby-Dick' {'id': 'title'}>]"
    }
}