{
    "uid": "code.google.com.epub-samples.basic-quiz",
    "version": "3.0",
    "spine": [
        "t1"
    ],
    "manifest": {
        "cover": [
            "cover",
            "images/cover.jpg"
        ],
        "nav": [
            "nav",
            "content/nav.xhtml"
        ],
        "epub-css": [
            "epub-css",
            "css/epub.css"
        ],
        "t1": [
            "t1",
            "content/text.xhtml"
        ],
        "ncx": [
            "ncx",
            "nav.ncx"
        ],
        "solar-system-xml": [
            "solar-system-xml",
            "content/solar-system.xml"
        ],
        "quiz-impl": [
            "quiz-impl",
            "content/quiz/quiz-impl.xhtml"
        ],
        "quiz-js": [
            "quiz-js",
            "content/quiz/quiz.js"
        ],
        "quiz-css": [
            "quiz-css",
            "content/quiz/quiz.css"
        ],
        "quiz-jquery": [
            "quiz-jquery",
            "content/quiz/jquery-1.7.1.min.js"
        ]
    },
    "toc": [
        null,
        []
    ],
    "meta": {
        "contributors": [],
        "creators": [
            "E.L. Starr"
        ],
        "dates": {
            "creation": null,
            "publication": "2012-01-17T00:00:00",
            "modification": null
        },
        "description": null,
        "identifiers": [
            "code.google.com.epub-samples.basic-quiz"
        ],
        "publisher": null,
        "languages": [
            "en-US"
        ],
        "source": null,
        "subjects": [],
        "titles": [
            "Basic Quiz"
        ]
    }
}