{
    "uid": "urn:uuid:20c13f67-9db2-4a33-a9d2-734aa4dc7e38",
    "version": "2.0",
    "spine": [
        "id0"
    ],
    "manifest": {
        "cover": [
            "cover",
            "cover.jpg",
            "image/jpeg"
        ],
        "fig1": [
            "fig1",
            "fig1.png",
            "image/png"
        ],
        "id0": [
            "id0",
            "data.html",
            "application/xhtml+xml"
        ]
    },
    "toc": [
        null,
        []
    ],
    "meta": {
        "contributors": "[]",
        "creators": "[<AttributedString 'Glen Weyl' {}>]",
        "dates": "{'creation': None, 'publication': None, 'modification': None}",
        "description": "None",
        "identifiers": "[<AttributedString 'urn:uuid:20c13f67-9db2-4a33-a9d2-734aa4dc7e38' {'id': 'uuid_id', 'scheme': 'uuid'}>]",
        "publisher": "<AttributedString 'Priceton University Press' {}>",
        "languages": "[<AttributedString 'en' {}>]",
        "source": "None",
        "subjects": "[]",
        "titles": "[<AttributedString 'Radical Markets, chapter 1' {}>]"
    }
}