{
    "uid": "code.google.com.epub-samples.regime-anticancer-arabic",
    "version": "3.0",
    "spine": [
        "coverpage",
        "titlepage",
        "content"
    ],
    "manifest": {
        "ncx": [
            "ncx",
            "Navigation/toc.ncx",
            "application/x-dtbncx+xml"
        ],
        "nav": [
            "nav",
            "Navigation/nav.xhtml",
            "application/xhtml+xml"
        ],
        "stylesheet": [
            "stylesheet",
            "Style/style.css",
            "text/css"
        ],
        "coverpage": [
            "coverpage",
            "Content/A_cover.xhtml",
            "application/xhtml+xml"
        ],
        "cover": [
            "cover",
            "Image/cover.jpg",
            "image/jpeg"
        ],
        "titlepage": [
            "titlepage",
            "Content/B_titlepage.xhtml",
            "application/xhtml+xml"
        ],
        "titleimage": [
            "titleimage",
            "Image/titlepage.jpg",
            "image/jpeg"
        ],
        "content": [
            "content",
            "Content/C_content.xhtml",
            "application/xhtml+xml"
        ]
    },
    "toc": [
        null,
        []
    ],
    "meta": {
        "contributors": "[<AttributedString 'Vincent Gros' {'id': 'contributor'}>]",
        "creators": "[<AttributedString 'Pr David Khayat' {'id': 'creator1'}>, <AttributedString 'Nathalie Hutter-Lardeau' {'id': 'creator2'}>, <AttributedString 'Marina Khalil Fayad' {'id': 'creator3'}>]",
        "dates": "{'creation': None, 'publication': datetime.datetime(2012, 1, 1, 0, 0), 'modification': None}",
        "description": "None",
        "identifiers": "[<AttributedString 'code.google.com.epub-samples.regime-anticancer-arabic' {'id': 'bookid'}>]",
        "publisher": "<AttributedString 'Hachette Antoine' {}>",
        "languages": "[<AttributedString 'ar' {}>]",
        "source": "None",
        "subjects": "[]",
        "titles": "[<AttributedString 'Le Vrai R\u00e9gime anti-cancer' {'id': 'title'}>]"
    }
}