{
    "uid": "code.gogle.com.epub-sample.sous-le-vent",
    "version": "3.0",
    "spine": [
        "ch1",
        "ch2",
        "ch3",
        "ch4",
        "ch5",
        "ch8",
        "ch9",
        "ch10",
        "ch11",
        "ch12",
        "ch13",
        "ch14",
        "ch15"
    ],
    "manifest": {
        "css": [
            "css",
            "Style/style.css"
        ],
        "nav": [
            "nav",
            "Navigation/nav.xhtml"
        ],
        "ncx": [
            "ncx",
            "Navigation/toc.ncx"
        ],
        "id1": [
            "id1",
            "Font/agaramondpro-regular.otf"
        ],
        "id2": [
            "id2",
            "Font/agaramondpro-bold.otf"
        ],
        "id3": [
            "id3",
            "Font/agaramondpro-italic.otf"
        ],
        "cover": [
            "cover",
            "Image/9782709641609_Couv.jpg"
        ],
        "ch1": [
            "ch1",
            "Content/pageNum-1.xhtml"
        ],
        "ch2": [
            "ch2",
            "Content/pageNum-2.xhtml"
        ],
        "ch3": [
            "ch3",
            "Content/pageNum-3.xhtml"
        ],
        "ch4": [
            "ch4",
            "Content/pageNum-4.xhtml"
        ],
        "ch5": [
            "ch5",
            "Content/pageNum-5.xhtml"
        ],
        "ch8": [
            "ch8",
            "Content/pageNum-8.xhtml"
        ],
        "ch9": [
            "ch9",
            "Content/pageNum-9.xhtml"
        ],
        "img3": [
            "img3",
            "Image/img-3.jpg"
        ],
        "ch10": [
            "ch10",
            "Content/pageNum-10.xhtml"
        ],
        "ch11": [
            "ch11",
            "Content/pageNum-11.xhtml"
        ],
        "ch12": [
            "ch12",
            "Content/pageNum-12.xhtml"
        ],
        "img4": [
            "img4",
            "Image/img-4.jpg"
        ],
        "ch13": [
            "ch13",
            "Content/pageNum-13.xhtml"
        ],
        "ch14": [
            "ch14",
            "Content/pageNum-14.xhtml"
        ],
        "ch15": [
            "ch15",
            "Content/pageNum-15.xhtml"
        ]
    },
    "toc": [
        null,
        []
    ],
    "meta": {
        "contributors": [
            "Vincent Gros"
        ],
        "creators": [
            "Jean-Bernard Pouy",
            "Joe G. Pinelli"
        ],
        "dates": {
            "creation": null,
            "publication": "2012-02-01T00:00:00",
            "modification": null
        },
        "description": null,
        "identifiers": [
            "code.gogle.com.epub-sample.sous-le-vent"
        ],
        "publisher": "\u00e9ditions Jean-Claude Latt\u00e8s",
        "languages": [
            "fr"
        ],
        "source": null,
        "subjects": [],
        "titles": [
            "Sous le vent"
        ]
    }
}