{
    "uid": "code.google.com.epub-samples.svg-in-spine",
    "version": "3.0",
    "spine": [
        "page001",
        "page002",
        "page003",
        "page004",
        "page005",
        "page006"
    ],
    "manifest": {
        "page001": [
            "page001",
            "Images/cover.svg",
            "image/svg+xml"
        ],
        "page002": [
            "page002",
            "Images/p002.svg",
            "image/svg+xml"
        ],
        "page003": [
            "page003",
            "Images/Tsuru_wiki-1b.svg",
            "image/svg+xml"
        ],
        "page004": [
            "page004",
            "Images/Tsuru_wiki-2b.svg",
            "image/svg+xml"
        ],
        "page005": [
            "page005",
            "Images/p005.svg",
            "image/svg+xml"
        ],
        "page006": [
            "page006",
            "Images/p006.svg",
            "image/svg+xml"
        ],
        "img005": [
            "img005",
            "Images/crane1.jpg",
            "image/jpeg"
        ],
        "img006": [
            "img006",
            "Images/crane2.jpg",
            "image/jpeg"
        ],
        "img002": [
            "img002",
            "Images/flyer.jpg",
            "image/jpeg"
        ],
        "nav.xhtml": [
            "nav.xhtml",
            "nav.xhtml",
            "application/xhtml+xml"
        ],
        "nav001": [
            "nav001",
            "tocimages/bg.png",
            "image/png"
        ],
        "nav002": [
            "nav002",
            "tocimages/divider.png",
            "image/png"
        ],
        "nav003": [
            "nav003",
            "tocimages/dividerBig.png",
            "image/png"
        ],
        "style": [
            "style",
            "tocstyle.css",
            "text/css"
        ]
    },
    "toc": [
        null,
        []
    ],
    "meta": {
        "contributors": "[<AttributedString 'Takeshi Kanai' {}>]",
        "creators": "[<AttributedString 'ePub Sample project' {}>]",
        "dates": "{'creation': None, 'publication': None, 'modification': None}",
        "description": "<AttributedString 'SVG files are directly called from spine. A page needs to be skipped to display when it is in landscape.' {}>",
        "identifiers": "[<AttributedString 'code.google.com.epub-samples.svg-in-spine' {'id': 'uid'}>]",
        "publisher": "<AttributedString 'ePub Sample' {}>",
        "languages": "[<AttributedString 'en-US' {}>]",
        "source": "None",
        "subjects": "[]",
        "titles": "[<AttributedString 'SVG in Spine' {'id': 'title'}>]"
    }
}