{
    "uid": "code.google.com.epub-samples.wasteland-woff-obfuscated",
    "version": "3.0",
    "spine": [
        "t1"
    ],
    "manifest": {
        "t1": [
            "t1",
            "wasteland-content.xhtml",
            "application/xhtml+xml"
        ],
        "nav": [
            "nav",
            "wasteland-nav.xhtml",
            "application/xhtml+xml"
        ],
        "cover": [
            "cover",
            "wasteland-cover.jpg",
            "image/jpeg"
        ],
        "css": [
            "css",
            "wasteland.css",
            "text/css"
        ],
        "css-fonts": [
            "css-fonts",
            "fonts.css",
            "text/css"
        ],
        "css-night": [
            "css-night",
            "wasteland-night.css",
            "text/css"
        ],
        "font.OldStandard.regular": [
            "font.OldStandard.regular",
            "OldStandard-Regular.obf.woff",
            "font/woff"
        ],
        "font.OldStandard.italic": [
            "font.OldStandard.italic",
            "OldStandard-Italic.obf.woff",
            "font/woff"
        ],
        "font.OldStandard.bold": [
            "font.OldStandard.bold",
            "OldStandard-Bold.obf.woff",
            "font/woff"
        ],
        "ncx": [
            "ncx",
            "wasteland.ncx",
            "application/x-dtbncx+xml"
        ]
    },
    "toc": [
        null,
        []
    ],
    "meta": {
        "contributors": "[]",
        "creators": "[<AttributedString 'T.S. Eliot' {}>]",
        "dates": "{'creation': None, 'publication': datetime.datetime(2011, 9, 1, 0, 0), 'modification': None}",
        "description": "<AttributedString 'WOFF font obfuscated using algorithm defined in OCF 3.0, fallback to sans-serif system font' {}>",
        "identifiers": "[<AttributedString 'code.google.com.epub-samples.wasteland-woff-obfuscated' {'id': 'uid'}>]",
        "publisher": "None",
        "languages": "[<AttributedString 'en-US' {}>]",
        "source": "None",
        "subjects": "[]",
        "titles": "[<AttributedString 'The Waste Land' {}>]"
    }
}