{
    "uid": "code.google.com.epub-samples.wasteland-otf",
    "version": "3.0",
    "spine": [
        "t1"
    ],
    "manifest": {
        "t1": [
            "t1",
            "wasteland-content.xhtml"
        ],
        "nav": [
            "nav",
            "wasteland-nav.xhtml"
        ],
        "cover": [
            "cover",
            "wasteland-cover.jpg"
        ],
        "css": [
            "css",
            "wasteland.css"
        ],
        "css-fonts": [
            "css-fonts",
            "fonts.css"
        ],
        "css-night": [
            "css-night",
            "wasteland-night.css"
        ],
        "font.OldStandard.regular": [
            "font.OldStandard.regular",
            "OldStandard-Regular.otf"
        ],
        "font.OldStandard.italic": [
            "font.OldStandard.italic",
            "OldStandard-Italic.otf"
        ],
        "font.OldStandard.bold": [
            "font.OldStandard.bold",
            "OldStandard-Bold.otf"
        ],
        "ncx": [
            "ncx",
            "wasteland.ncx"
        ]
    },
    "toc": [
        null,
        []
    ],
    "meta": {
        "contributors": [],
        "creators": [
            "T.S. Eliot"
        ],
        "dates": {
            "creation": null,
            "publication": "2011-09-01T00:00:00",
            "modification": null
        },
        "description": "Using OTF fonts, fallback to sans-serif system font",
        "identifiers": [
            "code.google.com.epub-samples.wasteland-otf"
        ],
        "publisher": null,
        "languages": [
            "en-US"
        ],
        "source": null,
        "subjects": [],
        "titles": [
            "The Waste Land"
        ]
    }
}