{
    "uid": null,
    "version": "2.0",
    "spine": [
        "id0",
        "id1",
        "id2",
        "id3",
        "id4"
    ],
    "manifest": {
        "style": [
            "style",
            "style.css",
            "text/css"
        ],
        "id0": [
            "id0",
            "Artists and Writers.html",
            "application/xhtml+xml"
        ],
        "id1": [
            "id1",
            "Business Leaders.html",
            "application/xhtml+xml"
        ],
        "id2": [
            "id2",
            "Historical Figures.html",
            "application/xhtml+xml"
        ],
        "id3": [
            "id3",
            "Stars.html",
            "application/xhtml+xml"
        ],
        "id4": [
            "id4",
            "Traditional and Classical Thinkers.html",
            "application/xhtml+xml"
        ]
    },
    "toc": [
        "Words of Wisdom",
        [
            {
                "href": "Artists and Writers.html",
                "title": "Artists and Writers"
            },
            {
                "href": "Business Leaders.html",
                "title": "Business Leaders"
            },
            {
                "href": "Historical Figures.html",
                "title": "Historical Figures"
            },
            {
                "href": "Stars.html",
                "title": "Stars"
            },
            {
                "href": "Traditional and Classical Thinkers.html",
                "title": "Traditional and Classical Thinkers"
            }
        ]
    ],
    "meta": {
        "contributors": "[]",
        "creators": "[<AttributedString 'Dorothy Lineer' {'role': 'aut'}>]",
        "dates": "{'creation': None, 'publication': None, 'modification': None}",
        "description": "<AttributedString 'Seek inspiration from the greatest movers and shakers of all time. Gather gems of advice from these people who have energized us through art, sports, politics, philosophy, business, and more.' {}>",
        "identifiers": "[<AttributedString '9782371181007' {'scheme': 'ISBN'}>, <AttributedString 'urn:uuid:f1a2bf89-f850-4ed5-a24a-19cf197edfbd' {'id': 'uuid_id', 'scheme': 'uuid'}>]",
        "publisher": "<AttributedString 'Glose' {}>",
        "languages": "[<AttributedString 'en' {}>]",
        "source": "None",
        "subjects": "[]",
        "titles": "[<AttributedString 'Words of Wisdom' {}>]"
    }
}